// Jest Snapshot v1, https://goo.gl/fbAQLP

exports[`Components ProductCard render product card (snapshot) 1`] = `
<div
  className="group relative"
>
  <div
    className="aspect-h-1 aspect-w-1 w-full overflow-hidden rounded-md bg-gray-200 lg:aspect-none group-hover:opacity-75 lg:h-80"
  />
  <div
    className="mt-4 flex justify-between"
  >
    <div>
      <h3
        className="text-sm text-gray-200"
      >
        <a
          href="#"
        >
          <span
            aria-hidden="true"
            className="absolute inset-0"
          />
          do proident sunt do id sint nostrud
        </a>
      </h3>
      <p
        className="mt-1 text-sm text-gray-500"
      >
        from 
        123
      </p>
    </div>
  </div>
</div>
`;
